Microchip MPLAB XC8 Compiler V1.35 ()

Linker command line:

--edf=C:\Program Files (x86)\Microchip\xc8\v1.35\dat\en_msgs.txt -cs \
  -h+dist/default/production\TFG_PIC18_Auto_30sec.X.production.sym \
  --cmf=dist/default/production\TFG_PIC18_Auto_30sec.X.production.cmf -z \
  -Q18F26K20 -oC:\Users\ALEJAN~1\AppData\Local\Temp\s8a4.2 \
  -Mdist/default/production/TFG_PIC18_Auto_30sec.X.production.map -E1 \
  -ver=XC8 -ASTACK=0134h-0f5fh -pstack=STACK -ACODE=00h-0FFFFh \
  -ACONST=00h-0FFFFh -ASMALLCONST=01000h-010FFhx240 \
  -AMEDIUMCONST=01000h-0FFFFh -ACOMRAM=01h-05Fh -AABS1=00h-0F5Fh \
  -ABIGRAM=01h-0F5Fh -ARAM=060h-0FFh,0100h-01FFhx14,0F00h-0F5Fh \
  -ABANK0=060h-0FFh -ABANK1=0100h-01FFh -ABANK2=0200h-02FFh \
  -ABANK3=0300h-03FFh -ABANK4=0400h-04FFh -ABANK5=0500h-05FFh \
  -ABANK6=0600h-06FFh -ABANK7=0700h-07FFh -ABANK8=0800h-08FFh \
  -ABANK9=0900h-09FFh -ABANK10=0A00h-0AFFh -ABANK11=0B00h-0BFFh \
  -ABANK12=0C00h-0CFFh -ABANK13=0D00h-0DFFh -ABANK14=0E00h-0EFFh \
  -ABANK15=0F00h-0F5Fh -ASFR=0F60h-0FFFh \
  -preset_vec=00h,intcode=08h,intcodelo,powerup,init,end_init \
  -pramtop=01000h -psmallconst=SMALLCONST -pmediumconst=MEDIUMCONST \
  -pconst=CONST -AFARRAM=00h-00h -ACONFIG=0300000h-030000Dh -pconfig=CONFIG \
  -AIDLOC=0200000h-0200007h -pidloc=IDLOC -AEEDATA=0F00000h-0F003FFh \
  -peeprom_data=EEDATA \
  -prdata=COMRAM,nvrram=COMRAM,nvbit=COMRAM,rbss=COMRAM,rbit=COMRAM \
  -pfarbss=FARRAM,fardata=FARRAM,nvFARRAM=FARRAM \
  -pintsave_regs=BIGRAM,bigbss=BIGRAM,bigdata=BIGRAM -pbss=RAM \
  -pidata=CODE,irdata=CODE,ibigdata=CODE,ifardata=CODE -prparam=COMRAM \
  C:\Users\ALEJAN~1\AppData\Local\Temp\s8a4.obj \
  dist/default/production\TFG_PIC18_Auto_30sec.X.production.obj 

Object code version is 3.11

Machine type is 18F26K20

Call graph: (short form)




                Name                               Link     Load   Length Selector   Space Scale
C:\Users\ALEJAN~1\AppData\Local\Temp\s8a4.obj
                end_init                            12E      12E        4        4       0
                reset_vec                             0        0        4        0       0
                idloc                            200000   200000        8   200000       0
                config                           300000   300000        E   300000       0
dist/default/production\TFG_PIC18_Auto_30sec.X.production.obj
                intcode                               8        8      126        4       0
                temp                                 50       50        1        1       1
                mediumconst                        FDFA     FDFA      206     7EFD       0
                text56                             2DA8     2DA8       1E        4       0
                text54                             2A26     2A26       60        4       0
                text53                             2E96     2E96       12     170C       0
                text52                             2E46     2E46       16     170C       0
                text51                             29C6     29C6       60        4       0
                text50                             2E30     2E30       16     170C       0
                text49                             2DE2     2DE2       1C        4       0
                text48                             2BC8     2BC8       3C        4       0
                text47                             2ECC     2ECC        4     170C       0
                text46                             2524     2524       AE        4       0
                text45                             235E     235E       E6        4       0
                text44                             2D06     2D06       24        4       0
                text43                             2AE2     2AE2       5A        4       0
                text42                             27F8     27F8       80        4       0
                text41                             2D4C     2D4C       20        4       0
                text40                             1EB0     1EB0      134        4       0
                text39                             2E18     2E18       18     170C       0
                text38                             2EC2     2EC2        6     170C       0
                text37                             2D2A     2D2A       22        4       0
                text36                             2E84     2E84       12     170C       0
                text35                             2D8A     2D8A       1E        4       0
                text34                             2E70     2E70       14     170C       0
                text33                             2DC6     2DC6       1C        4       0
                text32                             2EA8     2EA8        C     170C       0
                text31                             2EB4     2EB4        8     170C       0
                text30                             2EBC     2EBC        6     170C       0
                text29                             2B3C     2B3C       4C        4       0
                text28                             1932     1932      1AC        4       0
                text27                             223E     223E      120        4       0
                text26                             2C3C     2C3C       30        4       0
                text25                             2CE2     2CE2       24        4       0
                text24                             171A     171A      218        4       0
                text23                             2E5C     2E5C       14     170C       0
                text22                             2EC8     2EC8        4     170C       0
                text21                             2C04     2C04       38        4       0
                text20                             2CBC     2CBC       26        4       0
                text19                             2444     2444       E0        4       0
                text18                             2662     2662       90        4       0
                text17                             1D76     1D76      13A        4       0
                text16                             25D2     25D2       90        4       0
                text15                             2B88     2B88       40        4       0
                text14                             1C32     1C32      144        4       0
                text13                             2776     2776       82        4       0
                text12                             2960     2960       66        4       0
                text11                             2A86     2A86       5C        4       0
                text10                             2116     2116      128        4       0
                text9                              1FE4     1FE4      132        4       0
                text8                              26F2     26F2       84        4       0
                text7                              28F0     28F0       70        4       0
                text6                              14CC     14CC      24E        4       0
                text5                              2D6C     2D6C       1E        4       0
                text4                              10B6     10B6      416        4       0
                text3                               132      132      9C2        4       0
                text2                               AF4      AF4      5C2        4       0
                text1                              1ADE     1ADE      154        4       0
                text0                              2C94     2C94       28        4       0
                cstackCOMRAM                          1        1       40        1       1
                cstackBANK0                          60       60       44       60       1
                cstackBANK1                         128      128        C      100       1
                dataBANK1                           100      100       28      100       1
                dataBANK0                            E6       E6       19       60       1
                bssBANK0                             A4       A4       42       60       1
                dataCOMRAM                           4F       4F        1        1       1
                bssCOMRAM                            41       41        E        1       1
                cinit                              2878     2878       78        4       0
                idataBANK1                         2C6C     2C6C       28        4       0
                idataBANK0                         2DFE     2DFE       19        4       0
                idataCOMRAM                        2ED0     2ED0        1     170C       0

TOTAL           Name                               Link     Load   Length     Space
        CLASS   STACK          

        CLASS   CODE           
                end_init                            12E      12E        4         0
                intcode                               8        8      126         0
                reset_vec                             0        0        4         0
                text56                             2DA8     2DA8       1E         0
                text54                             2A26     2A26       60         0
                text53                             2E96     2E96       12         0
                text52                             2E46     2E46       16         0
                text51                             29C6     29C6       60         0
                text50                             2E30     2E30       16         0
                text49                             2DE2     2DE2       1C         0
                text48                             2BC8     2BC8       3C         0
                text47                             2ECC     2ECC        4         0
                text46                             2524     2524       AE         0
                text45                             235E     235E       E6         0
                text44                             2D06     2D06       24         0
                text43                             2AE2     2AE2       5A         0
                text42                             27F8     27F8       80         0
                text41                             2D4C     2D4C       20         0
                text40                             1EB0     1EB0      134         0
                text39                             2E18     2E18       18         0
                text38                             2EC2     2EC2        6         0
                text37                             2D2A     2D2A       22         0
                text36                             2E84     2E84       12         0
                text35                             2D8A     2D8A       1E         0
                text34                             2E70     2E70       14         0
                text33                             2DC6     2DC6       1C         0
                text32                             2EA8     2EA8        C         0
                text31                             2EB4     2EB4        8         0
                text30                             2EBC     2EBC        6         0
                text29                             2B3C     2B3C       4C         0
                text28                             1932     1932      1AC         0
                text27                             223E     223E      120         0
                text26                             2C3C     2C3C       30         0
                text25                             2CE2     2CE2       24         0
                text24                             171A     171A      218         0
                text23                             2E5C     2E5C       14         0
                text22                             2EC8     2EC8        4         0
                text21                             2C04     2C04       38         0
                text20                             2CBC     2CBC       26         0
                text19                             2444     2444       E0         0
                text18                             2662     2662       90         0
                text17                             1D76     1D76      13A         0
                text16                             25D2     25D2       90         0
                text15                             2B88     2B88       40         0
                text14                             1C32     1C32      144         0
                text13                             2776     2776       82         0
                text12                             2960     2960       66         0
                text11                             2A86     2A86       5C         0
                text10                             2116     2116      128         0
                text9                              1FE4     1FE4      132         0
                text8                              26F2     26F2       84         0
                text7                              28F0     28F0       70         0
                text6                              14CC     14CC      24E         0
                text5                              2D6C     2D6C       1E         0
                text4                              10B6     10B6      416         0
                text3                               132      132      9C2         0
                text2                               AF4      AF4      5C2         0
                text1                              1ADE     1ADE      154         0
                text0                              2C94     2C94       28         0
                cinit                              2878     2878       78         0
                idataBANK1                         2C6C     2C6C       28         0
                idataBANK0                         2DFE     2DFE       19         0
                idataCOMRAM                        2ED0     2ED0        1         0

        CLASS   CONST          

        CLASS   SMALLCONST     

        CLASS   MEDIUMCONST    
                mediumconst                        FDFA     FDFA      206         0

        CLASS   COMRAM         
                temp                                 50       50        1         1
                cstackCOMRAM                          1        1       40         1
                dataCOMRAM                           4F       4F        1         1
                bssCOMRAM                            41       41        E         1

        CLASS   ABS1           

        CLASS   BIGRAM         

        CLASS   RAM            

        CLASS   BANK0          
                cstackBANK0                          60       60       44         1
                dataBANK0                            E6       E6       19         1
                bssBANK0                             A4       A4       42         1

        CLASS   BANK1          
                cstackBANK1                         128      128        C         1
                dataBANK1                           100      100       28         1

        CLASS   BANK2          

        CLASS   BANK3          

        CLASS   BANK4          

        CLASS   BANK5          

        CLASS   BANK6          

        CLASS   BANK7          

        CLASS   BANK8          

        CLASS   BANK9          

        CLASS   BANK10         

        CLASS   BANK11         

        CLASS   BANK12         

        CLASS   BANK13         

        CLASS   BANK14         

        CLASS   BANK15         

        CLASS   SFR            

        CLASS   FARRAM         

        CLASS   CONFIG         
                config                           300000   300000        E         0

        CLASS   IDLOC          
                idloc                            200000   200000        8         0

        CLASS   EEDATA         



SEGMENTS        Name                           Load    Length   Top    Selector   Space  Class

                reset_vec                      000000  000004  000004         0       0  CODE    
                cstackCOMRAM                   000001  000050  000051         1       1  COMRAM  
                intcode                        000008  002E0F  002E17         4       0  CODE    
                cstackBANK0                    000060  00009F  0000FF        60       1  BANK0   
                dataBANK1                      000100  000034  000134       100       1  BANK1   
                text39                         002E18  0000B9  002ED1      170C       0  CODE    
                mediumconst                    00FDFA  000206  010000      7EFD       0  MEDIUMCO
                idloc                          200000  000008  200008    200000       0  IDLOC   
                config                         300000  00000E  30000E    300000       0  CONFIG  


UNUSED ADDRESS RANGES

        Name                Unused          Largest block    Delta
        BANK0            0000FF-0000FF                1
        BANK1            000134-0001FF               CC
        BANK10           000A00-000AFF              100
        BANK11           000B00-000BFF              100
        BANK12           000C00-000CFF              100
        BANK13           000D00-000DFF              100
        BANK14           000E00-000EFF              100
        BANK15           000F00-000F5F               60
        BANK2            000200-0002FF              100
        BANK3            000300-0003FF              100
        BANK4            000400-0004FF              100
        BANK5            000500-0005FF              100
        BANK6            000600-0006FF              100
        BANK7            000700-0007FF              100
        BANK8            000800-0008FF              100
        BANK9            000900-0009FF              100
        BIGRAM           000051-00005F                F
                         0000FF-0000FF                1
                         000134-000F5F              E2C
        CODE             000004-000007                4
                         002E17-002E17                1
                         002ED1-00FDF9             CF29
        COMRAM           000051-00005F                F
        CONST            000004-000007                4
                         002E17-002E17                1
                         002ED1-00FDF9             CF29
        EEDATA           F00000-F003FF              400
        MEDIUMCONST      002E17-002E17                1
                         002ED1-00FDF9             CF29
        RAM              0000FF-0000FF                1
                         000134-000F5F              100
        SFR              000F60-000FFF               A0
        SMALLCONST       002E17-002E17                1
                         002ED1-00FDF9              100
        STACK            000134-000F5F              E2C

                                  Symbol Table

?_GetSampleADC               cstackCOMRAM 000010
?_ReadByte_I2C               cstackBANK0  000069
?___awdiv                    cstackCOMRAM 000016
?___awmod                    cstackCOMRAM 000010
?___awtoft                   cstackCOMRAM 000018
?___ftadd                    cstackCOMRAM 00002B
?___ftdiv                    cstackCOMRAM 00001C
?___ftmul                    cstackCOMRAM 000037
?___ftneg                    cstackBANK0  000066
?___ftpack                   cstackCOMRAM 000010
?___ftsub                    cstackCOMRAM 000037
?___fttol                    cstackBANK0  00006D
?___lbtoft                   cstackCOMRAM 000018
?___lldiv                    cstackCOMRAM 000010
?___llmod                    cstackCOMRAM 00001D
?___lltoft                   cstackCOMRAM 000018
?___lwtoft                   cstackCOMRAM 000018
?___wmul                     cstackCOMRAM 00001E
?__div_to_l_                 cstackCOMRAM 000010
?__tdiv_to_l_                cstackCOMRAM 000010
?_check_response             cstackCOMRAM 000010
?_eval_poly                  cstackBANK0  000066
?_frexp                      cstackCOMRAM 000010
?_fround                     cstackBANK0  000066
?_log                        cstackBANK0  000072
?_read_byte                  cstackCOMRAM 000010
?_scale                      cstackBANK0  000066
?_sprintf                    cstackBANK0  00007C
ADC@Value_AD                 bssBANK0     0000BB
OpenI2C@slew                 cstackCOMRAM 000010
OpenI2C@sync_mode            cstackCOMRAM 000011
OpenUSART@config             cstackCOMRAM 000012
OpenUSART@spbrg              cstackCOMRAM 000010
ReadByte_I2C@LowerByte       cstackBANK0  000075
ReadByte_I2C@ReadAddressIC   cstackBANK0  000074
ReadByte_I2C@RegisterAddress cstackBANK0  000069
ReadByte_I2C@Temperature     cstackBANK0  000071
ReadByte_I2C@UpperByte       cstackBANK0  000076
ReadByte_I2C@tmp             cstackBANK0  00006C
ReadUSART@data               cstackCOMRAM 000001
SelectChannelADC@channel     cstackCOMRAM 000010
SendStringUSART@text         cstackCOMRAM 000015
WriteI2C@data_out            cstackCOMRAM 000011
WriteUSART@data              cstackCOMRAM 000010
_ADCON0bits                  (abs)        000FC2
_ADFM                        (abs)        007E07
_ADON                        (abs)        007E10
_ADRES                       (abs)        000FC3
_CharRX                      bssCOMRAM    00004B
_CharTX                      dataBANK0    0000F3
_CharTX2                     dataBANK1    00011C
_CheckSum                    bssBANK0     0000BD
_CloseI2C                    text47       002ECC
_DONE                        (abs)        007E11
_GIE                         (abs)        007F97
_GO                          (abs)        007E11
_GetDataSensorDHT22          text40       001EB0
_GetSampleADC                text39       002E18
_I2C_Hum                     bssBANK0     0000A4
_I2C_HumFormula              bssBANK0     0000AC
_I2C_Tem                     bssBANK0     0000A8
_I2C_TemFormula              bssBANK0     0000AF
_I2C_dev                     bssBANK0     0000BF
_I2C_manu                    bssBANK0     0000C1
_INT0IF                      (abs)        007F91
_INTCON2bits                 (abs)        000FF1
_INTCONbits                  (abs)        000FF2
_IdleI2C                     text36       002E84
_InitADC                     text38       002EC2
_InitUSART                   text49       002DE2
_InitializeTimer3            text37       002D2A
_IntServe                    intcode      000008
_LATA                        (abs)        000F89
_LATB                        (abs)        000F8A
_LATC                        (abs)        000F8B
_OSCCON                      (abs)        000FD3
_OpenI2C                     text35       002D8A
_OpenUSART                   text54       002A26
_Open_I2C1                   text34       002E70
_PEIE                        (abs)        007F96
_PIE1bits                    (abs)        000F9D
_PIR1bits                    (abs)        000F9E
_PORTA                       (abs)        000F80
_PORTB                       (abs)        000F81
_PORTBbits                   (abs)        000F81
_PORTC                       (abs)        000F82
_RBIE                        (abs)        007F93
_RBIP                        (abs)        007F88
_RCIF                        (abs)        007CF5
_RCREG                       (abs)        000FAE
_RCSTA                       (abs)        000FAB
_RCSTAbits                   (abs)        000FAB
_RH_Byte1                    bssBANK0     0000C3
_RH_Byte2                    bssBANK0     0000C5
_ReadByte_I2C                text24       00171A
_ReadByte_I2C$2538           cstackBANK0  00006E
_ReadI2C                     text33       002DC6
_ReadUSART                   text56       002DA8
_ResetVariables_I2C          text32       002EA8
_SPBRG                       (abs)        000FAF
_SPBRGH                      (abs)        000FB0
_SSPADD                      (abs)        000FC8
_SSPBUF                      (abs)        000FC9
_SSPCON1                     (abs)        000FC6
_SSPCON1bits                 (abs)        000FC6
_SSPCON2                     (abs)        000FC5
_SSPCON2bits                 (abs)        000FC5
_SSPSTAT                     (abs)        000FC7
_SSPSTATbits                 (abs)        000FC7
_Salto_Enter                 text52       002E46
_SelectChannelADC            text23       002E5C
_SendStringUSART             text50       002E30
_SerialInterrupt_flag        bssBANK0     0000C7
_StopADC                     text22       002EC8
_T2CON                       (abs)        000FCA
_T2CONbits                   (abs)        000FCA
_T3CON                       (abs)        000FB1
_T3CONbits                   (abs)        000FB1
_TMR2                        (abs)        000FCC
_TMR2IE                      (abs)        007CE9
_TMR2IF                      (abs)        007CF1
_TMR2ON                      (abs)        007E52
_TMR3H                       (abs)        000FB3
_TMR3IE                      (abs)        007D01
_TMR3IF                      (abs)        007D09
_TMR3L                       (abs)        000FB2
_TOUT                        bssCOMRAM    000041
_TRISA                       (abs)        000F92
_TRISB                       (abs)        000F93
_TRISBbits                   (abs)        000F93
_TRISC                       (abs)        000F94
_TRISCbits                   (abs)        000F94
_TXREG                       (abs)        000FAD
_TXSTA                       (abs)        000FAC
_TXSTAbits                   (abs)        000FAC
_T_Byte1                     bssBANK0     0000C9
_T_Byte2                     bssBANK0     0000CB
_Trigger                     bssCOMRAM    000043
_USART_Status                bssCOMRAM    00004C
_Value_AN0                   bssBANK0     0000CF
_Value_AN1                   bssBANK0     0000E4
_Value_AN9                   bssBANK0     0000D1
_Value_pot                   bssBANK0     0000B2
_Value_rhdht22               bssBANK0     0000B5
_Value_temp                  bssBANK0     0000E1
_Value_tempdht22             bssBANK0     0000B8
_WaitFlag                    text31       002EB4
_WaitForACK                  text30       002EBC
_WriteI2C                    text29       002B3C
_WriteUSART                  text53       002E96
__CFG_BOREN$OFF              (abs)        000000
__CFG_CCP2MX$PORTC           (abs)        000000
__CFG_CP0$OFF                (abs)        000000
__CFG_CP1$OFF                (abs)        000000
__CFG_CP2$OFF                (abs)        000000
__CFG_CP3$OFF                (abs)        000000
__CFG_CPB$OFF                (abs)        000000
__CFG_CPD$OFF                (abs)        000000
__CFG_DEBUG$OFF              (abs)        000000
__CFG_EBTR0$OFF              (abs)        000000
__CFG_EBTR1$OFF              (abs)        000000
__CFG_EBTR2$OFF              (abs)        000000
__CFG_EBTR3$OFF              (abs)        000000
__CFG_EBTRB$OFF              (abs)        000000
__CFG_FCMEN$OFF              (abs)        000000
__CFG_FOSC$INTIO67           (abs)        000000
__CFG_IESO$OFF               (abs)        000000
__CFG_LVP$OFF                (abs)        000000
__CFG_MCLRE$ON               (abs)        000000
__CFG_PBADEN$OFF             (abs)        000000
__CFG_PWRT$OFF               (abs)        000000
__CFG_STVREN$ON              (abs)        000000
__CFG_WDTEN$OFF              (abs)        000000
__CFG_WRT0$OFF               (abs)        000000
__CFG_WRT1$OFF               (abs)        000000
__CFG_WRT2$OFF               (abs)        000000
__CFG_WRT3$OFF               (abs)        000000
__CFG_WRTB$OFF               (abs)        000000
__CFG_WRTC$OFF               (abs)        000000
__CFG_WRTD$OFF               (abs)        000000
__CFG_XINST$OFF              (abs)        000000
__HRAM                       (abs)        000000
__Habs1                      abs1         000000
__Hbank0                     bank0        000000
__Hbank1                     bank1        000000
__Hbank10                    bank10       000000
__Hbank11                    bank11       000000
__Hbank12                    bank12       000000
__Hbank13                    bank13       000000
__Hbank14                    bank14       000000
__Hbank15                    bank15       000000
__Hbank2                     bank2        000000
__Hbank3                     bank3        000000
__Hbank4                     bank4        000000
__Hbank5                     bank5        000000
__Hbank6                     bank6        000000
__Hbank7                     bank7        000000
__Hbank8                     bank8        000000
__Hbank9                     bank9        000000
__Hbigbss                    bigbss       000000
__Hbigdata                   bigdata      000000
__Hbigram                    bigram       000000
__Hbss                       bss          000000
__HbssBANK0                  bssBANK0     000000
__HbssCOMRAM                 bssCOMRAM    000000
__Hcinit                     cinit        000000
__Hclrtext                   clrtext      000000
__Hcomram                    comram       000000
__Hconfig                    config       30000E
__Hconst                     const        000000
__HcstackBANK0               cstackBANK0  000000
__HcstackBANK1               cstackBANK1  000000
__HcstackCOMRAM              cstackCOMRAM 000000
__Hdata                      data         000000
__HdataBANK0                 dataBANK0    000000
__HdataBANK1                 dataBANK1    000000
__HdataCOMRAM                dataCOMRAM   000000
__Heeprom_data               eeprom_data  000000
__Hend_init                  end_init     000132
__Hfarbss                    farbss       000000
__Hfardata                   fardata      000000
__Hibigdata                  ibigdata     000000
__Hidata                     idata        000000
__HidataBANK0                idataBANK0   000000
__HidataBANK1                idataBANK1   000000
__HidataCOMRAM               idataCOMRAM  000000
__Hidloc                     idloc        200008
__Hifardata                  ifardata     000000
__Hinit                      init         00012E
__Hintcode                   intcode      00012E
__Hintcode_body              intcode_body 000000
__Hintcodelo                 intcodelo    00012E
__Hintentry                  intentry     000000
__Hintret                    intret       000000
__Hintsave_regs              intsave_regs 000000
__Hirdata                    irdata       000000
__Hmediumconst               mediumconst  010000
__HnvFARRAM                  nvFARRAM     000000
__Hnvbit                     nvbit        000000
__Hnvrram                    nvrram       000000
__Hparam                     rparam       000000
__Hpowerup                   powerup      00012E
__Hram                       ram          000000
__Hramtop                    ramtop       001000
__Hrbit                      rbit         000000
__Hrbss                      rbss         000000
__Hrdata                     rdata        000000
__Hreset_vec                 reset_vec    000004
__Hrparam                    rparam       000000
__Hsfr                       sfr          000000
__Hsmallconst                smallconst   000000
__Hspace_0                   (abs)        30000E
__Hspace_1                   (abs)        000134
__Hspace_2                   (abs)        000000
__Hstack                     stack        000000
__Hstruct                    struct       000000
__Htemp                      temp         000051
__Htext                      text         000000
__Htext0                     text0        000000
__Htext1                     text1        000000
__Htext10                    text10       000000
__Htext11                    text11       000000
__Htext12                    text12       000000
__Htext13                    text13       000000
__Htext14                    text14       000000
__Htext15                    text15       000000
__Htext16                    text16       000000
__Htext17                    text17       000000
__Htext18                    text18       000000
__Htext19                    text19       000000
__Htext2                     text2        000000
__Htext20                    text20       000000
__Htext21                    text21       000000
__Htext22                    text22       000000
__Htext23                    text23       000000
__Htext24                    text24       000000
__Htext25                    text25       000000
__Htext26                    text26       000000
__Htext27                    text27       000000
__Htext28                    text28       000000
__Htext29                    text29       000000
__Htext3                     text3        000000
__Htext30                    text30       000000
__Htext31                    text31       000000
__Htext32                    text32       000000
__Htext33                    text33       000000
__Htext34                    text34       000000
__Htext35                    text35       000000
__Htext36                    text36       000000
__Htext37                    text37       000000
__Htext38                    text38       000000
__Htext39                    text39       000000
__Htext4                     text4        000000
__Htext40                    text40       000000
__Htext41                    text41       000000
__Htext42                    text42       000000
__Htext43                    text43       000000
__Htext44                    text44       000000
__Htext45                    text45       000000
__Htext46                    text46       000000
__Htext47                    text47       000000
__Htext48                    text48       000000
__Htext49                    text49       000000
__Htext5                     text5        000000
__Htext50                    text50       000000
__Htext51                    text51       000000
__Htext52                    text52       000000
__Htext53                    text53       000000
__Htext54                    text54       000000
__Htext56                    text56       000000
__Htext6                     text6        000000
__Htext7                     text7        000000
__Htext8                     text8        000000
__Htext9                     text9        000000
__LRAM                       (abs)        000001
__Labs1                      abs1         000000
__Lbank0                     bank0        000000
__Lbank1                     bank1        000000
__Lbank10                    bank10       000000
__Lbank11                    bank11       000000
__Lbank12                    bank12       000000
__Lbank13                    bank13       000000
__Lbank14                    bank14       000000
__Lbank15                    bank15       000000
__Lbank2                     bank2        000000
__Lbank3                     bank3        000000
__Lbank4                     bank4        000000
__Lbank5                     bank5        000000
__Lbank6                     bank6        000000
__Lbank7                     bank7        000000
__Lbank8                     bank8        000000
__Lbank9                     bank9        000000
__Lbigbss                    bigbss       000000
__Lbigdata                   bigdata      000000
__Lbigram                    bigram       000000
__Lbss                       bss          000000
__LbssBANK0                  bssBANK0     000000
__LbssCOMRAM                 bssCOMRAM    000000
__Lcinit                     cinit        000000
__Lclrtext                   clrtext      000000
__Lcomram                    comram       000000
__Lconfig                    config       300000
__Lconst                     const        000000
__LcstackBANK0               cstackBANK0  000000
__LcstackBANK1               cstackBANK1  000000
__LcstackCOMRAM              cstackCOMRAM 000000
__Ldata                      data         000000
__LdataBANK0                 dataBANK0    000000
__LdataBANK1                 dataBANK1    000000
__LdataCOMRAM                dataCOMRAM   000000
__Leeprom_data               eeprom_data  000000
__Lend_init                  end_init     00012E
__Lfarbss                    farbss       000000
__Lfardata                   fardata      000000
__Libigdata                  ibigdata     000000
__Lidata                     idata        000000
__LidataBANK0                idataBANK0   000000
__LidataBANK1                idataBANK1   000000
__LidataCOMRAM               idataCOMRAM  000000
__Lidloc                     idloc        200000
__Lifardata                  ifardata     000000
__Linit                      init         00012E
__Lintcode                   intcode      000008
__Lintcode_body              intcode_body 000000
__Lintcodelo                 intcodelo    00012E
__Lintentry                  intentry     000000
__Lintret                    intret       000000
__Lintsave_regs              intsave_regs 000000
__Lirdata                    irdata       000000
__Lmediumconst               mediumconst  00FDFA
__LnvFARRAM                  nvFARRAM     000000
__Lnvbit                     nvbit        000000
__Lnvrram                    nvrram       000000
__Lparam                     rparam       000000
__Lpowerup                   powerup      00012E
__Lram                       ram          000000
__Lramtop                    ramtop       001000
__Lrbit                      rbit         000000
__Lrbss                      rbss         000000
__Lrdata                     rdata        000000
__Lreset_vec                 reset_vec    000000
__Lrparam                    rparam       000000
__Lsfr                       sfr          000000
__Lsmallconst                smallconst   000000
__Lspace_0                   (abs)        000000
__Lspace_1                   (abs)        000000
__Lspace_2                   (abs)        000000
__Lstack                     stack        000000
__Lstruct                    struct       000000
__Ltemp                      temp         000050
__Ltext                      text         000000
__Ltext0                     text0        000000
__Ltext1                     text1        000000
__Ltext10                    text10       000000
__Ltext11                    text11       000000
__Ltext12                    text12       000000
__Ltext13                    text13       000000
__Ltext14                    text14       000000
__Ltext15                    text15       000000
__Ltext16                    text16       000000
__Ltext17                    text17       000000
__Ltext18                    text18       000000
__Ltext19                    text19       000000
__Ltext2                     text2        000000
__Ltext20                    text20       000000
__Ltext21                    text21       000000
__Ltext22                    text22       000000
__Ltext23                    text23       000000
__Ltext24                    text24       000000
__Ltext25                    text25       000000
__Ltext26                    text26       000000
__Ltext27                    text27       000000
__Ltext28                    text28       000000
__Ltext29                    text29       000000
__Ltext3                     text3        000000
__Ltext30                    text30       000000
__Ltext31                    text31       000000
__Ltext32                    text32       000000
__Ltext33                    text33       000000
__Ltext34                    text34       000000
__Ltext35                    text35       000000
__Ltext36                    text36       000000
__Ltext37                    text37       000000
__Ltext38                    text38       000000
__Ltext39                    text39       000000
__Ltext4                     text4        000000
__Ltext40                    text40       000000
__Ltext41                    text41       000000
__Ltext42                    text42       000000
__Ltext43                    text43       000000
__Ltext44                    text44       000000
__Ltext45                    text45       000000
__Ltext46                    text46       000000
__Ltext47                    text47       000000
__Ltext48                    text48       000000
__Ltext49                    text49       000000
__Ltext5                     text5        000000
__Ltext50                    text50       000000
__Ltext51                    text51       000000
__Ltext52                    text52       000000
__Ltext53                    text53       000000
__Ltext54                    text54       000000
__Ltext56                    text56       000000
__Ltext6                     text6        000000
__Ltext7                     text7        000000
__Ltext8                     text8        000000
__Ltext9                     text9        000000
__S0                         (abs)        30000E
__S1                         (abs)        000134
__S2                         (abs)        000000
___awdiv                     text8        0026F2
___awdiv@counter             cstackCOMRAM 00001A
___awdiv@dividend            cstackCOMRAM 000016
___awdiv@divisor             cstackCOMRAM 000018
___awdiv@quotient            cstackCOMRAM 00001C
___awdiv@sign                cstackCOMRAM 00001B
___awmod                     text7        0028F0
___awmod@counter             cstackCOMRAM 000014
___awmod@dividend            cstackCOMRAM 000010
___awmod@divisor             cstackCOMRAM 000012
___awmod@sign                cstackCOMRAM 000015
___awtoft                    text21       002C04
___awtoft@c                  cstackCOMRAM 000018
___awtoft@sign               cstackCOMRAM 00001B
___ftadd                     text28       001932
___ftadd@exp1                cstackCOMRAM 000036
___ftadd@exp2                cstackCOMRAM 000035
___ftadd@f1                  cstackCOMRAM 00002B
___ftadd@f2                  cstackCOMRAM 00002E
___ftadd@sign                cstackCOMRAM 000034
___ftdiv                     text45       00235E
___ftdiv@cntr                cstackCOMRAM 000025
___ftdiv@exp                 cstackCOMRAM 000029
___ftdiv@f1                  cstackCOMRAM 00001C
___ftdiv@f2                  cstackCOMRAM 00001F
___ftdiv@f3                  cstackCOMRAM 000026
___ftdiv@sign                cstackCOMRAM 00002A
___ftge                      text16       0025D2
___ftge@ff1                  cstackCOMRAM 000010
___ftge@ff2                  cstackCOMRAM 000013
___ftmul                     text27       00223E
___ftmul@cntr                cstackBANK0  000064
___ftmul@exp                 cstackBANK0  000060
___ftmul@f1                  cstackCOMRAM 000037
___ftmul@f2                  cstackCOMRAM 00003A
___ftmul@f3_as_product       cstackBANK0  000061
___ftmul@sign                cstackBANK0  000065
___ftneg                     text26       002C3C
___ftneg@f1                  cstackBANK0  000066
___ftpack                    text46       002524
___ftpack@arg                cstackCOMRAM 000010
___ftpack@exp                cstackCOMRAM 000013
___ftpack@sign               cstackCOMRAM 000014
___ftsub                     text15       002B88
___ftsub@f1                  cstackCOMRAM 000037
___ftsub@f2                  cstackCOMRAM 00003A
___fttol                     text14       001C32
___fttol@exp1                cstackBANK0  00007B
___fttol@f1                  cstackBANK0  00006D
___fttol@lval                cstackBANK0  000077
___fttol@sign1               cstackBANK0  000076
___inthi_sp                  stack        000000
___intlo_sp                  stack        000000
___lbtoft                    text25       002CE2
___lbtoft@c                  cstackCOMRAM 00001B
___lldiv                     text13       002776
___lldiv@counter             cstackCOMRAM 00001C
___lldiv@dividend            cstackCOMRAM 000010
___lldiv@divisor             cstackCOMRAM 000014
___lldiv@quotient            cstackCOMRAM 000018
___llmod                     text12       002960
___llmod@counter             cstackCOMRAM 000025
___llmod@dividend            cstackCOMRAM 00001D
___llmod@divisor             cstackCOMRAM 000021
___lltoft                    text11       002A86
___lltoft@c                  cstackCOMRAM 000018
___lltoft@exp                cstackCOMRAM 000020
___lwtoft                    text44       002D06
___lwtoft@c                  cstackCOMRAM 000018
___param_bank                (abs)        000010
___rparam_used               (abs)        000001
___sp                        stack        000000
___wmul                      text20       002CBC
___wmul@multiplicand         cstackCOMRAM 000020
___wmul@multiplier           cstackCOMRAM 00001E
___wmul@product              cstackCOMRAM 000022
__accesstop                  (abs)        000060
__activetblptr               (abs)        000002
__div_to_l_                  text10       002116
__div_to_l_@cntr             cstackCOMRAM 00001A
__div_to_l_@exp1             cstackCOMRAM 00001B
__div_to_l_@f1               cstackCOMRAM 000010
__div_to_l_@f2               cstackCOMRAM 000013
__div_to_l_@quot             cstackCOMRAM 000016
__end_of_CloseI2C            text47       002ED0
__end_of_GetDataSensorDHT22  text40       001FE4
__end_of_GetSampleADC        text39       002E30
__end_of_IdleI2C             text36       002E96
__end_of_InitADC             text38       002EC8
__end_of_InitUSART           text49       002DFE
__end_of_InitializeTimer3    text37       002D4C
__end_of_IntServe            intcode      00012E
__end_of_OpenI2C             text35       002DA8
__end_of_OpenUSART           text54       002A86
__end_of_Open_I2C1           text34       002E84
__end_of_ReadByte_I2C        text24       001932
__end_of_ReadI2C             text33       002DE2
__end_of_ReadUSART           text56       002DC6
__end_of_ResetVariables_I2C  text32       002EB4
__end_of_Salto_Enter         text52       002E5C
__end_of_SelectChannelADC    text23       002E70
__end_of_SendStringUSART     text50       002E46
__end_of_StopADC             text22       002ECC
__end_of_WaitFlag            text31       002EBC
__end_of_WaitForACK          text30       002EC2
__end_of_WriteI2C            text29       002B88
__end_of_WriteUSART          text53       002EA8
__end_of___awdiv             text8        002776
__end_of___awmod             text7        002960
__end_of___awtoft            text21       002C3C
__end_of___ftadd             text28       001ADE
__end_of___ftdiv             text45       002444
__end_of___ftge              text16       002662
__end_of___ftmul             text27       00235E
__end_of___ftneg             text26       002C6C
__end_of___ftpack            text46       0025D2
__end_of___ftsub             text15       002BC8
__end_of___fttol             text14       001D76
__end_of___lbtoft            text25       002D06
__end_of___lldiv             text13       0027F8
__end_of___llmod             text12       0029C6
__end_of___lltoft            text11       002AE2
__end_of___lwtoft            text44       002D2A
__end_of___wmul              text20       002CE2
__end_of__div_to_l_          text10       00223E
__end_of__initialization     cinit        0028E2
__end_of__npowers_           mediumconst  00FE4A
__end_of__powers_            mediumconst  00FE71
__end_of__tdiv_to_l_         text9        002116
__end_of_check_response      text43       002B3C
__end_of_dpowers             mediumconst  00FE23
__end_of_eval_poly           text19       002524
__end_of_frexp               text18       0026F2
__end_of_fround              text6        00171A
__end_of_init_system         text48       002C04
__end_of_isdigit             text5        002D8A
__end_of_log                 text17       001EB0
__end_of_main                text0        002CBC
__end_of_output_logic        text2        0010B6
__end_of_putsUSART           text51       002A26
__end_of_read_byte           text42       002878
__end_of_scale               text4        0014CC
__end_of_sprintf             text3        000AF4
__end_of_start_signal        text41       002D6C
__end_of_state_logic         text1        001C32
__end_oflog@coeff            mediumconst  00FE8C
__initialization             cinit        002878
__mediumconst                mediumconst  00FDFA
__npowers_                   mediumconst  00FE23
__pbssBANK0                  bssBANK0     0000A4
__pbssCOMRAM                 bssCOMRAM    000041
__pcinit                     cinit        002878
__pcstackBANK0               cstackBANK0  000060
__pcstackBANK1               cstackBANK1  000128
__pcstackCOMRAM              cstackCOMRAM 000001
__pdataBANK0                 dataBANK0    0000E6
__pdataBANK1                 dataBANK1    000100
__pdataCOMRAM                dataCOMRAM   00004F
__pidataBANK0                idataBANK0   002DFE
__pidataBANK1                idataBANK1   002C6C
__pidataCOMRAM               idataCOMRAM  002ED0
__pintcode                   intcode      000008
__pmediumconst               mediumconst  00FDFA
__powers_                    mediumconst  00FE4A
__ptext0                     text0        002C94
__ptext1                     text1        001ADE
__ptext10                    text10       002116
__ptext11                    text11       002A86
__ptext12                    text12       002960
__ptext13                    text13       002776
__ptext14                    text14       001C32
__ptext15                    text15       002B88
__ptext16                    text16       0025D2
__ptext17                    text17       001D76
__ptext18                    text18       002662
__ptext19                    text19       002444
__ptext2                     text2        000AF4
__ptext20                    text20       002CBC
__ptext21                    text21       002C04
__ptext22                    text22       002EC8
__ptext23                    text23       002E5C
__ptext24                    text24       00171A
__ptext25                    text25       002CE2
__ptext26                    text26       002C3C
__ptext27                    text27       00223E
__ptext28                    text28       001932
__ptext29                    text29       002B3C
__ptext3                     text3        000132
__ptext30                    text30       002EBC
__ptext31                    text31       002EB4
__ptext32                    text32       002EA8
__ptext33                    text33       002DC6
__ptext34                    text34       002E70
__ptext35                    text35       002D8A
__ptext36                    text36       002E84
__ptext37                    text37       002D2A
__ptext38                    text38       002EC2
__ptext39                    text39       002E18
__ptext4                     text4        0010B6
__ptext40                    text40       001EB0
__ptext41                    text41       002D4C
__ptext42                    text42       0027F8
__ptext43                    text43       002AE2
__ptext44                    text44       002D06
__ptext45                    text45       00235E
__ptext46                    text46       002524
__ptext47                    text47       002ECC
__ptext48                    text48       002BC8
__ptext49                    text49       002DE2
__ptext5                     text5        002D6C
__ptext50                    text50       002E30
__ptext51                    text51       0029C6
__ptext52                    text52       002E46
__ptext53                    text53       002E96
__ptext54                    text54       002A26
__ptext56                    text56       002DA8
__ptext6                     text6        0014CC
__ptext7                     text7        0028F0
__ptext8                     text8        0026F2
__ptext9                     text9        001FE4
__ramtop                     ramtop       001000
__size_of_CloseI2C           (abs)        000000
__size_of_GetDataSensorDHT22 (abs)        000000
__size_of_GetSampleADC       (abs)        000000
__size_of_IdleI2C            (abs)        000000
__size_of_InitADC            (abs)        000000
__size_of_InitUSART          (abs)        000000
__size_of_InitializeTimer3   (abs)        000000
__size_of_IntServe           (abs)        000000
__size_of_OpenI2C            (abs)        000000
__size_of_OpenUSART          (abs)        000000
__size_of_Open_I2C1          (abs)        000000
__size_of_ReadByte_I2C       (abs)        000000
__size_of_ReadI2C            (abs)        000000
__size_of_ReadUSART          (abs)        000000
__size_of_ResetVariables_I2C (abs)        000000
__size_of_Salto_Enter        (abs)        000000
__size_of_SelectChannelADC   (abs)        000000
__size_of_SendStringUSART    (abs)        000000
__size_of_StopADC            (abs)        000000
__size_of_WaitFlag           (abs)        000000
__size_of_WaitForACK         (abs)        000000
__size_of_WriteI2C           (abs)        000000
__size_of_WriteUSART         (abs)        000000
__size_of___awdiv            (abs)        000000
__size_of___awmod            (abs)        000000
__size_of___awtoft           (abs)        000000
__size_of___ftadd            (abs)        000000
__size_of___ftdiv            (abs)        000000
__size_of___ftge             (abs)        000000
__size_of___ftmul            (abs)        000000
__size_of___ftneg            (abs)        000000
__size_of___ftpack           (abs)        000000
__size_of___ftsub            (abs)        000000
__size_of___fttol            (abs)        000000
__size_of___lbtoft           (abs)        000000
__size_of___lldiv            (abs)        000000
__size_of___llmod            (abs)        000000
__size_of___lltoft           (abs)        000000
__size_of___lwtoft           (abs)        000000
__size_of___wmul             (abs)        000000
__size_of__div_to_l_         (abs)        000000
__size_of__tdiv_to_l_        (abs)        000000
__size_of_check_response     (abs)        000000
__size_of_eval_poly          (abs)        000000
__size_of_frexp              (abs)        000000
__size_of_fround             (abs)        000000
__size_of_init_system        (abs)        000000
__size_of_isdigit            (abs)        000000
__size_of_log                (abs)        000000
__size_of_main               (abs)        000000
__size_of_output_logic       (abs)        000000
__size_of_putsUSART          (abs)        000000
__size_of_read_byte          (abs)        000000
__size_of_scale              (abs)        000000
__size_of_sprintf            (abs)        000000
__size_of_start_signal       (abs)        000000
__size_of_state_logic        (abs)        000000
__smallconst                 smallconst   000000
__tdiv_to_l_                 text9        001FE4
__tdiv_to_l_@cntr            cstackCOMRAM 00001D
__tdiv_to_l_@exp1            cstackCOMRAM 00001E
__tdiv_to_l_@f1              cstackCOMRAM 000010
__tdiv_to_l_@f2              cstackCOMRAM 000013
__tdiv_to_l_@quot            cstackCOMRAM 000019
_check                       bssCOMRAM    000045
_check_response              text43       002AE2
_dataI2C_Hum                 bssCOMRAM    00004D
_dataI2C_Tem                 bssCOMRAM    00004E
_dpowers                     mediumconst  00FDFB
_errno                       bssBANK0     0000D3
_eval_poly                   text19       002444
_frexp                       text18       002662
_fround                      text6        0014CC
_fround$2542                 cstackBANK0  00006C
_fround$2543                 cstackBANK0  000069
_i                           bssCOMRAM    000047
_init_system                 text48       002BC8
_isdigit                     text5        002D6C
_isdigit$2134                cstackCOMRAM 000011
_log                         text17       001D76
_main                        text0        002C94
_message1                    dataBANK1    000100
_message2                    dataBANK1    00010E
_output_logic                text2        000AF4
_output_logic$2539           cstackBANK1  00012B
_output_logic$2540           cstackBANK1  00012E
_output_logic$2541           cstackBANK1  000131
_postscaler                  bssBANK0     0000D5
_postscaler30s               bssBANK0     0000D7
_postscaler30smax            dataBANK0    0000EF
_postscalerflag              bssBANK0     0000D9
_postscalerflag30s           bssBANK0     0000DB
_postscalermax               dataBANK0    0000F1
_present_state               dataCOMRAM   00004F
_putsUSART                   text51       0029C6
_read_byte                   text42       0027F8
_rh                          bssBANK0     0000DD
_scale                       text4        0010B6
_scale$2544                  cstackBANK0  000069
_sign                        bssBANK0     0000DF
_sprintf                     text3        000132
_sprintf$2545                cstackBANK0  000089
_start_signal                text41       002D4C
_state_logic                 text1        001ADE
_temp                        bssCOMRAM    000049
btemp                        temp         000050
end_of_initialization        cinit        0028E2
eval_poly@d                  cstackBANK0  000069
eval_poly@n                  cstackBANK0  00006B
eval_poly@res                cstackBANK0  00006F
eval_poly@x                  cstackBANK0  000066
frexp@eptr                   cstackCOMRAM 000013
frexp@value                  cstackCOMRAM 000010
fround@prec                  cstackBANK0  00006F
int$flags                    temp         000050
intlevel0                    text         000000
intlevel1                    text         000000
intlevel2                    text         000000
intlevel3                    text         000000
isdigit@c                    cstackCOMRAM 000012
log@coeff                    mediumconst  00FE71
log@exponent                 cstackBANK0  000075
log@x                        cstackBANK0  000072
output_logic@error           cstackBANK1  00012A
putsUSART@data               cstackCOMRAM 000011
read_byte@num                cstackCOMRAM 000015
scale@scl                    cstackBANK0  00006C
sprintf@ap                   cstackBANK0  000090
sprintf@c                    cstackBANK0  0000A3
sprintf@cp                   cstackBANK0  00008C
sprintf@exp                  cstackBANK0  000094
sprintf@f                    cstackBANK0  00007E
sprintf@flag                 cstackBANK0  000092
sprintf@fval                 cstackBANK0  00009E
sprintf@len                  cstackBANK0  00008E
sprintf@prec                 cstackBANK0  0000A1
sprintf@sp                   cstackBANK0  00007C
sprintf@tmpval               cstackBANK0  000096
sprintf@val                  cstackBANK0  00009A
stackhi                      (abs)        000F5F
stacklo                      (abs)        000134
start                        init         00012E
start_initialization         cinit        002878
state_logic@error            cstackCOMRAM 000010


FUNCTION INFORMATION:

 *************** function _main *****************
 Defined at:
		line 94 in file "../TFG_PIC18_Auto.c"
 Parameters:    Size  Location     Type
		None
 Auto vars:     Size  Location     Type
		None
 Return value:  Size  Location     Type
                  2  258[None  ] int 
 Registers used:
		wreg, fsr0l, fsr0h, fsr1l, fsr1h, fsr2l, fsr2h, status,2, status,0, tblptrl, tblptrh, tblptru, prodl, prodh, cstack
 Tracked objects:
		On entry : 
		On exit  : 
		Unchanged: 
 Data sizes:     COMRAM   BANK0   BANK1   BANK2   BANK3   BANK4   BANK5   BANK6   BANK7   BANK8   BANK9  BANK10  BANK11  BANK12  BANK13  BANK14  BANK15
      Params:         0       0       0       0       0       0       0       0       0       0       0       0       0       0       0       0       0
      Locals:         0       0       0       0       0       0       0       0       0       0       0       0       0       0       0       0       0
      Temps:          0       0       0       0       0       0       0       0       0       0       0       0       0       0       0       0       0
      Totals:         0       0       0       0       0       0       0       0       0       0       0       0       0       0       0       0       0
Total ram usage:        0 bytes
 Hardware stack levels required when called:    7
 This function calls:
		_init_system
		_output_logic
		_state_logic
 This function is called by:
		Startup code after reset
 This function uses a non-reentrant model


 *************** function _state_logic *****************
 Defined at:
		line 108 in file "../TFG_PIC18_Auto.c"
 Parameters:    Size  Location     Type
		None
 Auto vars:     Size  Location     Type
  error           1   15[COMRAM] unsigned char 
 Return value:  Size  Location     Type
                  1    wreg      unsigned char 
 Registers used:
		wreg, status,2, status,0
 Tracked objects:
		On entry : 
		On exit  : 
		Unchanged: 
 Data sizes:     COMRAM   BANK0   BANK1   BANK2   BANK3   BANK4   BANK5   BANK6   BANK7   BANK8   BANK9  BANK10  BANK11  BANK12  BANK13  BANK14  BANK15
      Params:         0       0       0       0       0       0       0       0       0       0       0       0       0       0       0       0       0
      Locals:         1       0       0       0       0       0       0       0       0       0       0       0       0       0       0       0       0
      Temps:          0       0       0       0       0       0       0       0       0       0       0       0       0       0       0       0       0
      Totals:         1       0       0       0       0       0       0       0       0       0       0       0       0       0       0       0       0
Total ram usage:        1 bytes
 Hardware stack levels used:    1
 Hardware stack levels required when called:    2
 This function calls:
		Nothing
 This function is called by:
		_main
 This function uses a non-reentrant model


 *************** function _output_logic *****************
 Defined at:
		line 236 in file "../TFG_PIC18_Auto.c"
 Parameters:    Size  Location     Type
		None
 Auto vars:     Size  Location     Type
  error           1    2[BANK1 ] unsigned char 
 Return value:  Size  Location     Type
                  1    wreg      unsigned char 
 Registers used:
		wreg, fsr0l, fsr0h, fsr1l, fsr1h, fsr2l, fsr2h, status,2, status,0, tblptrl, tblptrh, tblptru, prodl, prodh, cstack
 Tracked objects:
		On entry : 
		On exit  : 
		Unchanged: 
 Data sizes:     COMRAM   BANK0   BANK1   BANK2   BANK3   BANK4   BANK5   BANK6   BANK7   BANK8   BANK9  BANK10  BANK11  BANK12  BANK13  BANK14  BANK15
      Params:         0       0       0       0       0       0       0       0       0       0       0       0       0       0       0       0       0
      Locals:         0       0      10       0       0       0       0       0       0       0       0       0       0       0       0       0       0
      Temps:          0       0       2       0       0       0       0       0       0       0       0       0       0       0       0       0       0
      Totals:         0       0      12       0       0       0       0       0       0       0       0       0       0       0       0       0       0
Total ram usage:       12 bytes
 Hardware stack levels used:    1
 Hardware stack levels required when called:    6
 This function calls:
		_CloseI2C
		_GetDataSensorDHT22
		_GetSampleADC
		_InitADC
		_InitializeTimer3
		_Open_I2C1
		_ReadByte_I2C
		_SelectChannelADC
		_SendStringUSART
		_StopADC
		___ftadd
		___ftdiv
		___ftge
		___ftmul
		___lwtoft
		_log
		_sprintf
 This function is called by:
		_main
 This function uses a non-reentrant model


 *************** function _sprintf *****************
 Defined at:
		line 492 in file "C:\Program Files (x86)\Microchip\xc8\v1.35\sources\common\doprnt.c"
 Parameters:    Size  Location     Type
  sp              2   28[BANK0 ] PTR unsigned char 
		 -> CharTX2(12), CharTX(12), 
  f               2   30[BANK0 ] PTR const unsigned char 
		 -> STR_11(28), STR_9(31), STR_7(31), STR_6(33), 
		 -> STR_5(34), STR_4(34), STR_2(33), 
 Auto vars:     Size  Location     Type
  val             4   58[BANK0 ] unsigned long 
  tmpval          4   54[BANK0 ] struct .
  fval            3   62[BANK0 ] struct .
  prec            2   65[BANK0 ] int 
  exp             2   52[BANK0 ] int 
  flag            2   50[BANK0 ] unsigned short 
  ap              2   48[BANK0 ] PTR void [1]
		 -> ?_sprintf(2), 
  len             2   46[BANK0 ] unsigned int 
  cp              2   44[BANK0 ] PTR const unsigned char 
		 -> sprintf@c(1), 
  width           2    0        int 
  c               1   67[BANK0 ] char 
  d               1    0        unsigned char 
 Return value:  Size  Location     Type
                  2   28[BANK0 ] int 
 Registers used:
		wreg, fsr1l, fsr1h, fsr2l, fsr2h, status,2, status,0, tblptrl, tblptrh, tblptru, prodl, prodh, cstack
 Tracked objects:
		On entry : 
		On exit  : 
		Unchanged: 
 Data sizes:     COMRAM   BANK0   BANK1   BANK2   BANK3   BANK4   BANK5   BANK6   BANK7   BANK8   BANK9  BANK10  BANK11  BANK12  BANK13  BANK14  BANK15
      Params:         0       7       0       0       0       0       0       0       0       0       0       0       0       0       0       0       0
      Locals:         0      27       0       0       0       0       0       0       0       0       0       0       0       0       0       0       0
      Temps:          0       6       0       0       0       0       0       0       0       0       0       0       0       0       0       0       0
      Totals:         0      40       0       0       0       0       0       0       0       0       0       0       0       0       0       0       0
Total ram usage:       40 bytes
 Hardware stack levels used:    1
 Hardware stack levels required when called:    5
 This function calls:
		___awdiv
		___ftadd
		___ftge
		___ftmul
		___ftneg
		___ftsub
		___fttol
		___lldiv
		___llmod
		___lltoft
		___wmul
		__div_to_l_
		__tdiv_to_l_
		_fround
		_isdigit
		_scale
 This function is called by:
		_output_logic
 This function uses a non-reentrant model


 *************** function _scale *****************
 Defined at:
		line 425 in file "C:\Program Files (x86)\Microchip\xc8\v1.35\sources\common\doprnt.c"
 Parameters:    Size  Location     Type
  scl             1    wreg     char 
 Auto vars:     Size  Location     Type
  scl             1   12[BANK0 ] char 
 Return value:  Size  Location     Type
                  3    6[BANK0 ] char 
 Registers used:
		wreg, status,2, status,0, tblptrl, tblptrh, tblptru, prodl, prodh, cstack
 Tracked objects:
		On entry : 
		On exit  : 
		Unchanged: 
 Data sizes:     COMRAM   BANK0   BANK1   BANK2   BANK3   BANK4   BANK5   BANK6   BANK7   BANK8   BANK9  BANK10  BANK11  BANK12  BANK13  BANK14  BANK15
      Params:         0       3       0       0       0       0       0       0       0       0       0       0       0       0       0       0       0
      Locals:         0       4       0       0       0       0       0       0       0       0       0       0       0       0       0       0       0
      Temps:          0       0       0       0       0       0       0       0       0       0       0       0       0       0       0       0       0
      Totals:         0       7       0       0       0       0       0       0       0       0       0       0       0       0       0       0       0
Total ram usage:        7 bytes
 Hardware stack levels used:    1
 Hardware stack levels required when called:    4
 This function calls:
		___awdiv
		___awmod
		___ftmul
		___wmul
 This function is called by:
		_sprintf
 This function uses a non-reentrant model


 *************** function _isdigit *****************
 Defined at:
		line 8 in file "C:\Program Files (x86)\Microchip\xc8\v1.35\sources\common\isdigit.c"
 Parameters:    Size  Location     Type
  c               1    wreg     unsigned char 
 Auto vars:     Size  Location     Type
  c               1   17[COMRAM] unsigned char 
 Return value:  Size  Location     Type
		None               void
 Registers used:
		wreg, status,2, status,0
 Tracked objects:
		On entry : 
		On exit  : 
		Unchanged: 
 Data sizes:     COMRAM   BANK0   BANK1   BANK2   BANK3   BANK4   BANK5   BANK6   BANK7   BANK8   BANK9  BANK10  BANK11  BANK12  BANK13  BANK14  BANK15
      Params:         0       0       0       0       0       0       0       0       0       0       0       0       0       0       0       0       0
      Locals:         2       0       0       0       0       0       0       0       0       0       0       0       0       0       0       0       0
      Temps:          1       0       0       0       0       0       0       0       0       0       0       0       0       0       0       0       0
      Totals:         3       0       0       0       0       0       0       0       0       0       0       0       0       0       0       0       0
Total ram usage:        3 bytes
 Hardware stack levels used:    1
 Hardware stack levels required when called:    2
 This function calls:
		Nothing
 This function is called by:
		_sprintf
 This function uses a non-reentrant model


 *************** function _fround *****************
 Defined at:
		line 409 in file "C:\Program Files (x86)\Microchip\xc8\v1.35\sources\common\doprnt.c"
 Parameters:    Size  Location     Type
  prec            1    wreg     unsigned char 
 Auto vars:     Size  Location     Type
  prec            1   15[BANK0 ] unsigned char 
 Return value:  Size  Location     Type
                  3    6[BANK0 ] unsigned char 
 Registers used:
		wreg, status,2, status,0, tblptrl, tblptrh, tblptru, prodl, prodh, cstack
 Tracked objects:
		On entry : 
		On exit  : 
		Unchanged: 
 Data sizes:     COMRAM   BANK0   BANK1   BANK2   BANK3   BANK4   BANK5   BANK6   BANK7   BANK8   BANK9  BANK10  BANK11  BANK12  BANK13  BANK14  BANK15
      Params:         0       3       0       0       0       0       0       0       0       0       0       0       0       0       0       0       0
      Locals:         0       7       0       0       0       0       0       0       0       0       0       0       0       0       0       0       0
      Temps:          0       0       0       0       0       0       0       0       0       0       0       0       0       0       0       0       0
      Totals:         0      10       0       0       0       0       0       0       0       0       0       0       0       0       0       0       0
Total ram usage:       10 bytes
 Hardware stack levels used:    1
 Hardware stack levels required when called:    4
 This function calls:
		___awdiv
		___awmod
		___ftmul
		___wmul
 This function is called by:
		_sprintf
 This function uses a non-reentrant model


 *************** function ___awmod *****************
 Defined at:
		line 8 in file "C:\Program Files (x86)\Microchip\xc8\v1.35\sources\common\awmod.c"
 Parameters:    Size  Location     Type
  dividend        2   15[COMRAM] int 
  divisor         2   17[COMRAM] int 
 Auto vars:     Size  Location     Type
  sign            1   20[COMRAM] unsigned char 
  counter         1   19[COMRAM] unsigned char 
 Return value:  Size  Location     Type
                  2   15[COMRAM] int 
 Registers used:
		wreg, status,2, status,0
 Tracked objects:
		On entry : 
		On exit  : 
		Unchanged: 
 Data sizes:     COMRAM   BANK0   BANK1   BANK2   BANK3   BANK4   BANK5   BANK6   BANK7   BANK8   BANK9  BANK10  BANK11  BANK12  BANK13  BANK14  BANK15
      Params:         4       0       0       0       0       0       0       0       0       0       0       0       0       0       0       0       0
      Locals:         2       0       0       0       0       0       0       0       0       0       0       0       0       0       0       0       0
      Temps:          0       0       0       0       0       0       0       0       0       0       0       0       0       0       0       0       0
      Totals:         6       0       0       0       0       0       0       0       0       0       0       0       0       0       0       0       0
Total ram usage:        6 bytes
 Hardware stack levels used:    1
 Hardware stack levels required when called:    2
 This function calls:
		Nothing
 This function is called by:
		_fround
		_scale
 This function uses a non-reentrant model


 *************** function ___awdiv *****************
 Defined at:
		line 8 in file "C:\Program Files (x86)\Microchip\xc8\v1.35\sources\common\awdiv.c"
 Parameters:    Size  Location     Type
  dividend        2   21[COMRAM] int 
  divisor         2   23[COMRAM] int 
 Auto vars:     Size  Location     Type
  quotient        2   27[COMRAM] int 
  sign            1   26[COMRAM] unsigned char 
  counter         1   25[COMRAM] unsigned char 
 Return value:  Size  Location     Type
                  2   21[COMRAM] int 
 Registers used:
		wreg, status,2, status,0
 Tracked objects:
		On entry : 
		On exit  : 
		Unchanged: 
 Data sizes:     COMRAM   BANK0   BANK1   BANK2   BANK3   BANK4   BANK5   BANK6   BANK7   BANK8   BANK9  BANK10  BANK11  BANK12  BANK13  BANK14  BANK15
      Params:         4       0       0       0       0       0       0       0       0       0       0       0       0       0       0       0       0
      Locals:         4       0       0       0       0       0       0       0       0       0       0       0       0       0       0       0       0
      Temps:          0       0       0       0       0       0       0       0       0       0       0       0       0       0       0       0       0
      Totals:         8       0       0       0       0       0       0       0       0       0       0       0       0       0       0       0       0
Total ram usage:        8 bytes
 Hardware stack levels used:    1
 Hardware stack levels required when called:    2
 This function calls:
		Nothing
 This function is called by:
		_fround
		_scale
		_sprintf
 This function uses a non-reentrant model


 *************** function __tdiv_to_l_ *****************
 Defined at:
		line 60 in file "C:\Program Files (x86)\Microchip\xc8\v1.35\sources\common\ftdivl.c"
 Parameters:    Size  Location     Type
  f1              3   15[COMRAM] float 
  f2              3   18[COMRAM] float 
 Auto vars:     Size  Location     Type
  quot            4   24[COMRAM] unsigned long 
  exp1            1   29[COMRAM] unsigned char 
  cntr            1   28[COMRAM] unsigned char 
 Return value:  Size  Location     Type
                  4   15[COMRAM] unsigned long 
 Registers used:
		wreg, status,2, status,0
 Tracked objects:
		On entry : 
		On exit  : 
		Unchanged: 
 Data sizes:     COMRAM   BANK0   BANK1   BANK2   BANK3   BANK4   BANK5   BANK6   BANK7   BANK8   BANK9  BANK10  BANK11  BANK12  BANK13  BANK14  BANK15
      Params:         6       0       0       0       0       0       0       0       0       0       0       0       0       0       0       0       0
      Locals:         6       0       0       0       0       0       0       0       0       0       0       0       0       0       0       0       0
      Temps:          3       0       0       0       0       0       0       0       0       0       0       0       0       0       0       0       0
      Totals:        15       0       0       0       0       0       0       0       0       0       0       0       0       0       0       0       0
Total ram usage:       15 bytes
 Hardware stack levels used:    1
 Hardware stack levels required when called:    2
 This function calls:
		Nothing
 This function is called by:
		_sprintf
 This function uses a non-reentrant model


 *************** function __div_to_l_ *****************
 Defined at:
		line 60 in file "C:\Program Files (x86)\Microchip\xc8\v1.35\sources\common\fldivl.c"
 Parameters:    Size  Location     Type
  f1              3   15[COMRAM] unsigned long 
  f2              3   18[COMRAM] unsigned long 
 Auto vars:     Size  Location     Type
  quot            4   21[COMRAM] unsigned long 
  exp1            1   26[COMRAM] unsigned char 
  cntr            1   25[COMRAM] unsigned char 
 Return value:  Size  Location     Type
                  4   15[COMRAM] unsigned long 
 Registers used:
		wreg, status,2, status,0
 Tracked objects:
		On entry : 
		On exit  : 
		Unchanged: 
 Data sizes:     COMRAM   BANK0   BANK1   BANK2   BANK3   BANK4   BANK5   BANK6   BANK7   BANK8   BANK9  BANK10  BANK11  BANK12  BANK13  BANK14  BANK15
      Params:         6       0       0       0       0       0       0       0       0       0       0       0       0       0       0       0       0
      Locals:         6       0       0       0       0       0       0       0       0       0       0       0       0       0       0       0       0
      Temps:          0       0       0       0       0       0       0       0       0       0       0       0       0       0       0       0       0
      Totals:        12       0       0       0       0       0       0       0       0       0       0       0       0       0       0       0       0
Total ram usage:       12 bytes
 Hardware stack levels used:    1
 Hardware stack levels required when called:    2
 This function calls:
		Nothing
 This function is called by:
		_sprintf
 This function uses a non-reentrant model


 *************** function ___lltoft *****************
 Defined at:
		line 35 in file "C:\Program Files (x86)\Microchip\xc8\v1.35\sources\common\lltoft.c"
 Parameters:    Size  Location     Type
  c               4   23[COMRAM] unsigned long 
 Auto vars:     Size  Location     Type
  exp             1   31[COMRAM] unsigned char 
 Return value:  Size  Location     Type
                  3   23[COMRAM] float 
 Registers used:
		wreg, status,2, status,0, cstack
 Tracked objects:
		On entry : 
		On exit  : 
		Unchanged: 
 Data sizes:     COMRAM   BANK0   BANK1   BANK2   BANK3   BANK4   BANK5   BANK6   BANK7   BANK8   BANK9  BANK10  BANK11  BANK12  BANK13  BANK14  BANK15
      Params:         4       0       0       0       0       0       0       0       0       0       0       0       0       0       0       0       0
      Locals:         1       0       0       0       0       0       0       0       0       0       0       0       0       0       0       0       0
      Temps:          4       0       0       0       0       0       0       0       0       0       0       0       0       0       0       0       0
      Totals:         9       0       0       0       0       0       0       0       0       0       0       0       0       0       0       0       0
Total ram usage:        9 bytes
 Hardware stack levels used:    1
 Hardware stack levels required when called:    3
 This function calls:
		___ftpack
 This function is called by:
		_sprintf
 This function uses a non-reentrant model


 *************** function ___llmod *****************
 Defined at:
		line 8 in file "C:\Program Files (x86)\Microchip\xc8\v1.35\sources\common\llmod.c"
 Parameters:    Size  Location     Type
  dividend        4   28[COMRAM] unsigned long 
  divisor         4   32[COMRAM] unsigned long 
 Auto vars:     Size  Location     Type
  counter         1   36[COMRAM] unsigned char 
 Return value:  Size  Location     Type
                  4   28[COMRAM] unsigned long 
 Registers used:
		wreg, status,2, status,0
 Tracked objects:
		On entry : 
		On exit  : 
		Unchanged: 
 Data sizes:     COMRAM   BANK0   BANK1   BANK2   BANK3   BANK4   BANK5   BANK6   BANK7   BANK8   BANK9  BANK10  BANK11  BANK12  BANK13  BANK14  BANK15
      Params:         8       0       0       0       0       0       0       0       0       0       0       0       0       0       0       0       0
[...]
      Locals:         0       0       0       0       0       0       0       0       0       0       0       0       0       0       0       0       0
      Temps:          0       0       0       0       0       0       0       0       0       0       0       0       0       0       0       0       0
      Totals:         0       0       0       0       0       0       0       0       0       0       0       0       0       0       0       0       0
Total ram usage:        0 bytes
 Hardware stack levels used:    1
 Hardware stack levels required when called:    5
 This function calls:
		_OpenUSART
		_SendStringUSART
 This function is called by:
		_init_system
 This function uses a non-reentrant model


 *************** function _SendStringUSART *****************
 Defined at:
		line 23 in file "../USART.c"
 Parameters:    Size  Location     Type
  text            2   20[COMRAM] PTR unsigned char 
		 -> STR_15(35), STR_14(13), STR_13(13), STR_12(9), 
		 -> STR_10(12), CharTX2(12), STR_8(36), STR_3(19), 
		 -> CharTX(12), STR_1(22), 
 Auto vars:     Size  Location     Type
		None
 Return value:  Size  Location     Type
		None               void
 Registers used:
		wreg, fsr0l, fsr0h, status,2, status,0, tblptrl, tblptrh, tblptru, cstack
 Tracked objects:
		On entry : 
		On exit  : 
		Unchanged: 
 Data sizes:     COMRAM   BANK0   BANK1   BANK2   BANK3   BANK4   BANK5   BANK6   BANK7   BANK8   BANK9  BANK10  BANK11  BANK12  BANK13  BANK14  BANK15
      Params:         2       0       0       0       0       0       0       0       0       0       0       0       0       0       0       0       0
      Locals:         0       0       0       0       0       0       0       0       0       0       0       0       0       0       0       0       0
      Temps:          0       0       0       0       0       0       0       0       0       0       0       0       0       0       0       0       0
      Totals:         2       0       0       0       0       0       0       0       0       0       0       0       0       0       0       0       0
Total ram usage:        2 bytes
 Hardware stack levels used:    1
 Hardware stack levels required when called:    4
 This function calls:
		_Salto_Enter
		_putsUSART
 This function is called by:
		_output_logic
		_InitUSART
		_GetDataSensorDHT22
 This function uses a non-reentrant model


 *************** function _putsUSART *****************
 Defined at:
		line 14 in file "C:\Program Files (x86)\Microchip\xc8\v1.35\sources\pic18\plib\USART\uputs.c"
 Parameters:    Size  Location     Type
  data            2   16[COMRAM] PTR unsigned char 
		 -> STR_15(35), STR_14(13), STR_13(13), STR_12(9), 
		 -> STR_10(12), CharTX2(12), STR_8(36), STR_3(19), 
		 -> CharTX(12), STR_1(22), 
 Auto vars:     Size  Location     Type
		None
 Return value:  Size  Location     Type
		None               void
 Registers used:
		wreg, fsr0l, fsr0h, status,2, status,0, tblptrl, tblptrh, tblptru, cstack
 Tracked objects:
		On entry : 
		On exit  : 
		Unchanged: 
 Data sizes:     COMRAM   BANK0   BANK1   BANK2   BANK3   BANK4   BANK5   BANK6   BANK7   BANK8   BANK9  BANK10  BANK11  BANK12  BANK13  BANK14  BANK15
      Params:         2       0       0       0       0       0       0       0       0       0       0       0       0       0       0       0       0
      Locals:         0       0       0       0       0       0       0       0       0       0       0       0       0       0       0       0       0
      Temps:          2       0       0       0       0       0       0       0       0       0       0       0       0       0       0       0       0
      Totals:         4       0       0       0       0       0       0       0       0       0       0       0       0       0       0       0       0
Total ram usage:        4 bytes
 Hardware stack levels used:    1
 Hardware stack levels required when called:    3
 This function calls:
		_WriteUSART
 This function is called by:
		_SendStringUSART
 This function uses a non-reentrant model


 *************** function _Salto_Enter *****************
 Defined at:
		line 31 in file "../USART.c"
 Parameters:    Size  Location     Type
		None
 Auto vars:     Size  Location     Type
		None
 Return value:  Size  Location     Type
		None               void
 Registers used:
		wreg, cstack
 Tracked objects:
		On entry : 
		On exit  : 
		Unchanged: 
 Data sizes:     COMRAM   BANK0   BANK1   BANK2   BANK3   BANK4   BANK5   BANK6   BANK7   BANK8   BANK9  BANK10  BANK11  BANK12  BANK13  BANK14  BANK15
      Params:         0       0       0       0       0       0       0       0       0       0       0       0       0       0       0       0       0
      Locals:         0       0       0       0       0       0       0       0       0       0       0       0       0       0       0       0       0
      Temps:          0       0       0       0       0       0       0       0       0       0       0       0       0       0       0       0       0
      Totals:         0       0       0       0       0       0       0       0       0       0       0       0       0       0       0       0       0
Total ram usage:        0 bytes
 Hardware stack levels used:    1
 Hardware stack levels required when called:    3
 This function calls:
		_WriteUSART
 This function is called by:
		_SendStringUSART
 This function uses a non-reentrant model


 *************** function _WriteUSART *****************
 Defined at:
		line 13 in file "C:\Program Files (x86)\Microchip\xc8\v1.35\sources\pic18\plib\USART\uwrite.c"
 Parameters:    Size  Location     Type
  data            1    wreg     unsigned char 
 Auto vars:     Size  Location     Type
  data            1   15[COMRAM] unsigned char 
 Return value:  Size  Location     Type
		None               void
 Registers used:
		wreg
 Tracked objects:
		On entry : 
		On exit  : 
		Unchanged: 
 Data sizes:     COMRAM   BANK0   BANK1   BANK2   BANK3   BANK4   BANK5   BANK6   BANK7   BANK8   BANK9  BANK10  BANK11  BANK12  BANK13  BANK14  BANK15
      Params:         0       0       0       0       0       0       0       0       0       0       0       0       0       0       0       0       0
      Locals:         1       0       0       0       0       0       0       0       0       0       0       0       0       0       0       0       0
      Temps:          0       0       0       0       0       0       0       0       0       0       0       0       0       0       0       0       0
      Totals:         1       0       0       0       0       0       0       0       0       0       0       0       0       0       0       0       0
Total ram usage:        1 bytes
 Hardware stack levels used:    1
 Hardware stack levels required when called:    2
 This function calls:
		Nothing
 This function is called by:
		_Salto_Enter
		_putsUSART
 This function uses a non-reentrant model


 *************** function _OpenUSART *****************
 Defined at:
		line 73 in file "C:\Program Files (x86)\Microchip\xc8\v1.35\sources\pic18\plib\USART\uopen.c"
 Parameters:    Size  Location     Type
  config          1    wreg     unsigned char 
  spbrg           2   15[COMRAM] unsigned int 
 Auto vars:     Size  Location     Type
  config          1   17[COMRAM] unsigned char 
 Return value:  Size  Location     Type
		None               void
 Registers used:
		wreg, status,2
 Tracked objects:
		On entry : 
		On exit  : 
		Unchanged: 
 Data sizes:     COMRAM   BANK0   BANK1   BANK2   BANK3   BANK4   BANK5   BANK6   BANK7   BANK8   BANK9  BANK10  BANK11  BANK12  BANK13  BANK14  BANK15
      Params:         2       0       0       0       0       0       0       0       0       0       0       0       0       0       0       0       0
      Locals:         1       0       0       0       0       0       0       0       0       0       0       0       0       0       0       0       0
      Temps:          0       0       0       0       0       0       0       0       0       0       0       0       0       0       0       0       0
      Totals:         3       0       0       0       0       0       0       0       0       0       0       0       0       0       0       0       0
Total ram usage:        3 bytes
 Hardware stack levels used:    1
 Hardware stack levels required when called:    2
 This function calls:
		Nothing
 This function is called by:
		_InitUSART
 This function uses a non-reentrant model


 *************** function _IntServe *****************
 Defined at:
		line 434 in file "../TFG_PIC18_Auto.c"
 Parameters:    Size  Location     Type
		None
 Auto vars:     Size  Location     Type
		None
 Return value:  Size  Location     Type
		None               void
 Registers used:
		wreg, status,2, status,0, cstack
 Tracked objects:
		On entry : 
		On exit  : 
		Unchanged: 
 Data sizes:     COMRAM   BANK0   BANK1   BANK2   BANK3   BANK4   BANK5   BANK6   BANK7   BANK8   BANK9  BANK10  BANK11  BANK12  BANK13  BANK14  BANK15
      Params:         0       0       0       0       0       0       0       0       0       0       0       0       0       0       0       0       0
      Locals:         0       0       0       0       0       0       0       0       0       0       0       0       0       0       0       0       0
      Temps:         14       0       0       0       0       0       0       0       0       0       0       0       0       0       0       0       0
      Totals:        14       0       0       0       0       0       0       0       0       0       0       0       0       0       0       0       0
Total ram usage:       14 bytes
 Hardware stack levels used:    1
 Hardware stack levels required when called:    1
 This function calls:
		_ReadUSART
 This function is called by:
		Interrupt level 2
 This function uses a non-reentrant model


 *************** function _ReadUSART *****************
 Defined at:
		line 15 in file "C:\Program Files (x86)\Microchip\xc8\v1.35\sources\pic18\plib\USART\uread.c"
 Parameters:    Size  Location     Type
		None
 Auto vars:     Size  Location     Type
  data            1    0[COMRAM] unsigned char 
 Return value:  Size  Location     Type
                  1    wreg      unsigned char 
 Registers used:
		wreg, status,2, status,0
 Tracked objects:
		On entry : 
		On exit  : 
		Unchanged: 
 Data sizes:     COMRAM   BANK0   BANK1   BANK2   BANK3   BANK4   BANK5   BANK6   BANK7   BANK8   BANK9  BANK10  BANK11  BANK12  BANK13  BANK14  BANK15
      Params:         0       0       0       0       0       0       0       0       0       0       0       0       0       0       0       0       0
      Locals:         1       0       0       0       0       0       0       0       0       0       0       0       0       0       0       0       0
      Temps:          0       0       0       0       0       0       0       0       0       0       0       0       0       0       0       0       0
      Totals:         1       0       0       0       0       0       0       0       0       0       0       0       0       0       0       0       0
Total ram usage:        1 bytes
 Hardware stack levels used:    1
 This function calls:
		Nothing
 This function is called by:
		_IntServe
 This function uses a non-reentrant model



MODULE INFORMATION

Module		Function		Class		Link	Load	Size
C:\Program Files (x86)\Microchip\xc8\v1.35\sources\pic18\plib\USART\uopen.c
		_OpenUSART     		CODE           	2A26	0000	97

C:\Program Files (x86)\Microchip\xc8\v1.35\sources\pic18\plib\USART\uopen.c estimated size: 97

C:\Program Files (x86)\Microchip\xc8\v1.35\sources\pic18\plib\i2c\i2c_writ.c
		_WriteI2C      		CODE           	2B3C	0000	77

C:\Program Files (x86)\Microchip\xc8\v1.35\sources\pic18\plib\i2c\i2c_writ.c estimated size: 77

C:\Program Files (x86)\Microchip\xc8\v1.35\sources\common\awdiv.c
		___awdiv       		CODE           	26F2	0000	133

C:\Program Files (x86)\Microchip\xc8\v1.35\sources\common\awdiv.c estimated size: 133

../USART.c
		_SendStringUSART		CODE           	2E30	0000	23
		_InitUSART     		CODE           	2DE2	0000	29
		_Salto_Enter   		CODE           	2E46	0000	23

../USART.c estimated size: 75

C:\Program Files (x86)\Microchip\xc8\v1.35\sources\common\ftadd.c
		___ftadd       		CODE           	1932	0000	429

C:\Program Files (x86)\Microchip\xc8\v1.35\sources\common\ftadd.c estimated size: 429

../ADC.c
		_SelectChannelADC		CODE           	2E5C	0000	21
		_InitADC       		CODE           	2EC2	0000	7
		_GetSampleADC  		CODE           	2E18	0000	25
		_StopADC       		CODE           	2EC8	0000	5

../ADC.c estimated size: 58

C:\Program Files (x86)\Microchip\xc8\v1.35\sources\common\isdigit.c
		_isdigit       		CODE           	2D6C	0000	31

C:\Program Files (x86)\Microchip\xc8\v1.35\sources\common\isdigit.c estimated size: 31

C:\Program Files (x86)\Microchip\xc8\v1.35\sources\common\ftge.c
		___ftge        		CODE           	25D2	0000	145

C:\Program Files (x86)\Microchip\xc8\v1.35\sources\common\ftge.c estimated size: 145

C:\Program Files (x86)\Microchip\xc8\v1.35\sources\pic18\plib\i2c\i2c_read.c
		_ReadI2C       		CODE           	2DC6	0000	29

C:\Program Files (x86)\Microchip\xc8\v1.35\sources\pic18\plib\i2c\i2c_read.c estimated size: 29

C:\Program Files (x86)\Microchip\xc8\v1.35\sources\common\log.c
		_log           		CODE           	1D76	0000	315

C:\Program Files (x86)\Microchip\xc8\v1.35\sources\common\log.c estimated size: 315

C:\Program Files (x86)\Microchip\xc8\v1.35\sources\pic18\plib\USART\uread.c
		_ReadUSART     		CODE           	2DA8	0000	31

C:\Program Files (x86)\Microchip\xc8\v1.35\sources\pic18\plib\USART\uread.c estimated size: 31

C:\Program Files (x86)\Microchip\xc8\v1.35\sources\common\lwtoft.c
		___lwtoft      		CODE           	2D06	0000	37

C:\Program Files (x86)\Microchip\xc8\v1.35\sources\common\lwtoft.c estimated size: 37

C:\Program Files (x86)\Microchip\xc8\v1.35\sources\common\ftneg.c
		___ftneg       		CODE           	2C3C	0000	49

C:\Program Files (x86)\Microchip\xc8\v1.35\sources\common\ftneg.c estimated size: 49

C:\Program Files (x86)\Microchip\xc8\v1.35\sources\pic18\plib\i2c\i2c_clos.c
		_CloseI2C      		CODE           	2ECC	0000	5

C:\Program Files (x86)\Microchip\xc8\v1.35\sources\pic18\plib\i2c\i2c_clos.c estimated size: 5

C:\Program Files (x86)\Microchip\xc8\v1.35\sources\common\awtoft.c
		___awtoft      		CODE           	2C04	0000	57

C:\Program Files (x86)\Microchip\xc8\v1.35\sources\common\awtoft.c estimated size: 57

C:\Program Files (x86)\Microchip\xc8\v1.35\sources\pic18\plib\i2c\i2c_idle.c
		_IdleI2C       		CODE           	2E84	0000	19

C:\Program Files (x86)\Microchip\xc8\v1.35\sources\pic18\plib\i2c\i2c_idle.c estimated size: 19

C:\Program Files (x86)\Microchip\xc8\v1.35\sources\common\lbtoft.c
		___lbtoft      		CODE           	2CE2	0000	37

C:\Program Files (x86)\Microchip\xc8\v1.35\sources\common\lbtoft.c estimated size: 37

../I2C1.c
		_WaitForACK    		CODE           	2EBC	0000	7
		_WaitFlag      		CODE           	2EB4	0000	9
		_ReadByte_I2C  		CODE           	171A	0000	537
		_ResetVariables_I2C		CODE           	2EA8	0000	13
		_Open_I2C1     		CODE           	2E70	0000	21

../I2C1.c estimated size: 587

../TFG_PIC18_Auto.c
		_IntServe      		CODE           	0008	0000	295
		_main          		CODE           	2C94	0000	41
		_state_logic   		CODE           	1ADE	0000	341
		_output_logic  		CODE           	0AF4	0000	1475

../TFG_PIC18_Auto.c estimated size: 2152

C:\Program Files (x86)\Microchip\xc8\v1.35\sources\common\ftsub.c
		___ftsub       		CODE           	2B88	0000	65

C:\Program Files (x86)\Microchip\xc8\v1.35\sources\common\ftsub.c estimated size: 65

C:\Program Files (x86)\Microchip\xc8\v1.35\sources\common\float.c
		___ftpack      		CODE           	2524	0000	175

C:\Program Files (x86)\Microchip\xc8\v1.35\sources\common\float.c estimated size: 175

C:\Program Files (x86)\Microchip\xc8\v1.35\sources\pic18\plib\USART\uputs.c
		_putsUSART     		CODE           	29C6	0000	97

C:\Program Files (x86)\Microchip\xc8\v1.35\sources\pic18\plib\USART\uputs.c estimated size: 97

C:\Program Files (x86)\Microchip\xc8\v1.35\sources\common\evalpoly.c
		_eval_poly     		CODE           	2444	0000	225

C:\Program Files (x86)\Microchip\xc8\v1.35\sources\common\evalpoly.c estimated size: 225

C:\Program Files (x86)\Microchip\xc8\v1.35\sources\common\doprnt.c
		_scale         		CODE           	10B6	0000	1047
		_sprintf       		CODE           	0132	0000	2499
		_fround        		CODE           	14CC	0000	591

C:\Program Files (x86)\Microchip\xc8\v1.35\sources\common\doprnt.c estimated size: 4137

C:\Program Files (x86)\Microchip\xc8\v1.35\sources\common\llmod.c
		___llmod       		CODE           	2960	0000	103

C:\Program Files (x86)\Microchip\xc8\v1.35\sources\common\llmod.c estimated size: 103

../init_system.c
		_init_system   		CODE           	2BC8	0000	61

../init_system.c estimated size: 61

C:\Program Files (x86)\Microchip\xc8\v1.35\sources\common\lltoft.c
		___lltoft      		CODE           	2A86	0000	93

C:\Program Files (x86)\Microchip\xc8\v1.35\sources\common\lltoft.c estimated size: 93

C:\Program Files (x86)\Microchip\xc8\v1.35\sources\common\frexp.c
		_frexp         		CODE           	2662	0000	145

C:\Program Files (x86)\Microchip\xc8\v1.35\sources\common\frexp.c estimated size: 145

shared
		__powers_      		MEDIUMCONST    	FE4A	0000	40
		_dpowers       		MEDIUMCONST    	FDFB	0000	41
		__npowers_     		MEDIUMCONST    	FE23	0000	40
		__initialization		CODE           	2878	0000	107
		log@coeff      		MEDIUMCONST    	FE71	0000	28

shared estimated size: 256

../DHT22.c
		_check_response		CODE           	2AE2	0000	91
		_read_byte     		CODE           	27F8	0000	129
		_start_signal  		CODE           	2D4C	0000	33
		_GetDataSensorDHT22		CODE           	1EB0	0000	309

../DHT22.c estimated size: 562

C:\Program Files (x86)\Microchip\xc8\v1.35\sources\pic18\plib\USART\uwrite.c
		_WriteUSART    		CODE           	2E96	0000	19

C:\Program Files (x86)\Microchip\xc8\v1.35\sources\pic18\plib\USART\uwrite.c estimated size: 19

C:\Program Files (x86)\Microchip\xc8\v1.35\sources\common\ftmul.c
		___ftmul       		CODE           	223E	0000	289

C:\Program Files (x86)\Microchip\xc8\v1.35\sources\common\ftmul.c estimated size: 289

C:\Program Files (x86)\Microchip\xc8\v1.35\sources\common\awmod.c
		___awmod       		CODE           	28F0	0000	113

C:\Program Files (x86)\Microchip\xc8\v1.35\sources\common\awmod.c estimated size: 113

C:\Program Files (x86)\Microchip\xc8\v1.35\sources\common\ftdiv.c
		___ftdiv       		CODE           	235E	0000	231

C:\Program Files (x86)\Microchip\xc8\v1.35\sources\common\ftdiv.c estimated size: 231

C:\Program Files (x86)\Microchip\xc8\v1.35\sources\common\ftdivl.c
		__tdiv_to_l_   		CODE           	1FE4	0000	307

C:\Program Files (x86)\Microchip\xc8\v1.35\sources\common\ftdivl.c estimated size: 307

C:\Program Files (x86)\Microchip\xc8\v1.35\sources\common\Umul16.c
		___wmul        		CODE           	2CBC	0000	39

C:\Program Files (x86)\Microchip\xc8\v1.35\sources\common\Umul16.c estimated size: 39

../TIMER3.c
		_InitializeTimer3		CODE           	2D2A	0000	35

../TIMER3.c estimated size: 35

C:\Program Files (x86)\Microchip\xc8\v1.35\sources\common\lldiv.c
		___lldiv       		CODE           	2776	0000	131

C:\Program Files (x86)\Microchip\xc8\v1.35\sources\common\lldiv.c estimated size: 131

C:\Program Files (x86)\Microchip\xc8\v1.35\sources\pic18\plib\i2c\i2c_open.c
		_OpenI2C       		CODE           	2D8A	0000	31

C:\Program Files (x86)\Microchip\xc8\v1.35\sources\pic18\plib\i2c\i2c_open.c estimated size: 31

C:\Program Files (x86)\Microchip\xc8\v1.35\sources\common\fldivl.c
		__div_to_l_    		CODE           	2116	0000	297

C:\Program Files (x86)\Microchip\xc8\v1.35\sources\common\fldivl.c estimated size: 297

C:\Program Files (x86)\Microchip\xc8\v1.35\sources\common\fttol.c
		___fttol       		CODE           	1C32	0000	325

C:\Program Files (x86)\Microchip\xc8\v1.35\sources\common\fttol.c estimated size: 325

